// Jest Snapshot v1, https://goo.gl/fbAQLP

exports[`Test default state 1`] = `
<div
  className="Pinpoint Documentation Outline Wrapper "
>
  <div
    className="Parent"
  >
    <div
      className="Top"
    >
      <svg
        aria-hidden="true"
        className="toggleControl"
        data-icon="chevron-right"
        data-prefix="fas"
        focusable="false"
        onClick={[Function]}
        role="img"
        viewBox="0 0 320 512"
        xmlns="http://www.w3.org/2000/svg"
      >
        <path
          d="M285.476 272.971L91.132 467.314c-9.373 9.373-24.569 9.373-33.941 0l-22.667-22.667c-9.357-9.357-9.375-24.522-.04-33.901L188.505 256 34.484 101.255c-9.335-9.379-9.317-24.544.04-33.901l22.667-22.667c9.373-9.373 24.569-9.373 33.941 0L285.475 239.03c9.373 9.372 9.373 24.568.001 33.941z"
          fill="currentColor"
        />
      </svg>
      <span
        className="Pinpoint Internal Link clickable Pinpoint Documentation Outline Item  "
        onClick={[Function]}
      >
        Linked Content Blocks
      </span>
    </div>
  </div>
  <div
    className="Parent"
  >
    <div
      className="Top"
    >
      <div
        className="spacer"
      />
      <span
        className="Pinpoint Internal Link clickable Pinpoint Documentation Outline Item  "
        onClick={[Function]}
      >
        Publishing Controls and Social Posting
      </span>
    </div>
  </div>
  <div
    className="Parent"
  >
    <div
      className="Top"
    >
      <div
        className="spacer"
      />
      <span
        className="Pinpoint Internal Link clickable Pinpoint Documentation Outline Item  "
        onClick={[Function]}
      >
        Changelog planning just got way simpler!
      </span>
    </div>
  </div>
  <div
    className="Parent"
  >
    <div
      className="Top"
    >
      <svg
        aria-hidden="true"
        className="toggleControl"
        data-icon="chevron-right"
        data-prefix="fas"
        focusable="false"
        onClick={[Function]}
        role="img"
        viewBox="0 0 320 512"
        xmlns="http://www.w3.org/2000/svg"
      >
        <path
          d="M285.476 272.971L91.132 467.314c-9.373 9.373-24.569 9.373-33.941 0l-22.667-22.667c-9.357-9.357-9.375-24.522-.04-33.901L188.505 256 34.484 101.255c-9.335-9.379-9.317-24.544.04-33.901l22.667-22.667c9.373-9.373 24.569-9.373 33.941 0L285.475 239.03c9.373 9.372 9.373 24.568.001 33.941z"
          fill="currentColor"
        />
      </svg>
      <span
        className="Pinpoint Internal Link clickable Pinpoint Documentation Outline Item  "
        onClick={[Function]}
      >
        Email validation, filtering, and subscriber search üîç
      </span>
    </div>
  </div>
  <div
    className="Parent"
  >
    <div
      className="Top"
    >
      <svg
        aria-hidden="true"
        className="toggleControl"
        data-icon="chevron-right"
        data-prefix="fas"
        focusable="false"
        onClick={[Function]}
        role="img"
        viewBox="0 0 320 512"
        xmlns="http://www.w3.org/2000/svg"
      >
        <path
          d="M285.476 272.971L91.132 467.314c-9.373 9.373-24.569 9.373-33.941 0l-22.667-22.667c-9.357-9.357-9.375-24.522-.04-33.901L188.505 256 34.484 101.255c-9.335-9.379-9.317-24.544.04-33.901l22.667-22.667c9.373-9.373 24.569-9.373 33.941 0L285.475 239.03c9.373 9.372 9.373 24.568.001 33.941z"
          fill="currentColor"
        />
      </svg>
      <span
        className="Pinpoint Internal Link clickable Pinpoint Documentation Outline Item  "
        onClick={[Function]}
      >
        Analytics Drill-Down and Localization
      </span>
    </div>
  </div>
  <div
    className="Parent"
  >
    <div
      className="Top"
    >
      <svg
        aria-hidden="true"
        className="toggleControl"
        data-icon="chevron-right"
        data-prefix="fas"
        focusable="false"
        onClick={[Function]}
        role="img"
        viewBox="0 0 320 512"
        xmlns="http://www.w3.org/2000/svg"
      >
        <path
          d="M285.476 272.971L91.132 467.314c-9.373 9.373-24.569 9.373-33.941 0l-22.667-22.667c-9.357-9.357-9.375-24.522-.04-33.901L188.505 256 34.484 101.255c-9.335-9.379-9.317-24.544.04-33.901l22.667-22.667c9.373-9.373 24.569-9.373 33.941 0L285.475 239.03c9.373 9.372 9.373 24.568.001 33.941z"
          fill="currentColor"
        />
      </svg>
      <span
        className="Pinpoint Internal Link clickable Pinpoint Documentation Outline Item  "
        onClick={[Function]}
      >
        Already mentioned notice
      </span>
    </div>
  </div>
  <div
    className="Parent"
  >
    <div
      className="Top"
    >
      <div
        className="spacer"
      />
      <span
        className="Pinpoint Internal Link clickable Pinpoint Documentation Outline Item  "
        onClick={[Function]}
      >
        Published Page Search and Filtering
      </span>
    </div>
  </div>
  <div
    className="Parent"
  >
    <div
      className="Top"
    >
      <div
        className="spacer"
      />
      <span
        className="Pinpoint Internal Link clickable Pinpoint Documentation Outline Item  "
        onClick={[Function]}
      >
        Improved Analytics Accessibility
      </span>
    </div>
  </div>
  <div
    className="Parent"
  >
    <div
      className="Top"
    >
      <svg
        aria-hidden="true"
        className="toggleControl"
        data-icon="chevron-right"
        data-prefix="fas"
        focusable="false"
        onClick={[Function]}
        role="img"
        viewBox="0 0 320 512"
        xmlns="http://www.w3.org/2000/svg"
      >
        <path
          d="M285.476 272.971L91.132 467.314c-9.373 9.373-24.569 9.373-33.941 0l-22.667-22.667c-9.357-9.357-9.375-24.522-.04-33.901L188.505 256 34.484 101.255c-9.335-9.379-9.317-24.544.04-33.901l22.667-22.667c9.373-9.373 24.569-9.373 33.941 0L285.475 239.03c9.373 9.372 9.373 24.568.001 33.941z"
          fill="currentColor"
        />
      </svg>
      <span
        className="Pinpoint Internal Link clickable Pinpoint Documentation Outline Item  "
        onClick={[Function]}
      >
        Tables, tables, tables
      </span>
    </div>
  </div>
  <div
    className="Parent"
  >
    <div
      className="Top"
    >
      <svg
        aria-hidden="true"
        className="toggleControl"
        data-icon="chevron-right"
        data-prefix="fas"
        focusable="false"
        onClick={[Function]}
        role="img"
        viewBox="0 0 320 512"
        xmlns="http://www.w3.org/2000/svg"
      >
        <path
          d="M285.476 272.971L91.132 467.314c-9.373 9.373-24.569 9.373-33.941 0l-22.667-22.667c-9.357-9.357-9.375-24.522-.04-33.901L188.505 256 34.484 101.255c-9.335-9.379-9.317-24.544.04-33.901l22.667-22.667c9.373-9.373 24.569-9.373 33.941 0L285.475 239.03c9.373 9.372 9.373 24.568.001 33.941z"
          fill="currentColor"
        />
      </svg>
      <span
        className="Pinpoint Internal Link clickable Pinpoint Documentation Outline Item  "
        onClick={[Function]}
      >
        Analytics Drilldown + Changelog Generator Styling
      </span>
    </div>
  </div>
</div>
`;

exports[`Test with active 1`] = `
<div
  className="Pinpoint Documentation Outline Wrapper "
>
  <div
    className="Parent"
  >
    <div
      className="Top"
    >
      <svg
        aria-hidden="true"
        className="toggleControl"
        data-icon="chevron-right"
        data-prefix="fas"
        focusable="false"
        onClick={[Function]}
        role="img"
        viewBox="0 0 320 512"
        xmlns="http://www.w3.org/2000/svg"
      >
        <path
          d="M285.476 272.971L91.132 467.314c-9.373 9.373-24.569 9.373-33.941 0l-22.667-22.667c-9.357-9.357-9.375-24.522-.04-33.901L188.505 256 34.484 101.255c-9.335-9.379-9.317-24.544.04-33.901l22.667-22.667c9.373-9.373 24.569-9.373 33.941 0L285.475 239.03c9.373 9.372 9.373 24.568.001 33.941z"
          fill="currentColor"
        />
      </svg>
      <span
        className="Pinpoint Internal Link clickable Pinpoint Documentation Outline Item  "
        onClick={[Function]}
      >
        Linked Content Blocks
      </span>
    </div>
  </div>
  <div
    className="Parent"
  >
    <div
      className="Top"
    >
      <div
        className="spacer"
      />
      <span
        className="Pinpoint Internal Link clickable Pinpoint Documentation Outline Item  "
        onClick={[Function]}
      >
        Publishing Controls and Social Posting
      </span>
    </div>
  </div>
  <div
    className="Parent"
  >
    <div
      className="Top"
    >
      <div
        className="spacer"
      />
      <span
        className="Pinpoint Internal Link clickable Pinpoint Documentation Outline Item active "
        onClick={[Function]}
      >
        Changelog planning just got way simpler!
      </span>
    </div>
  </div>
  <div
    className="Parent"
  >
    <div
      className="Top"
    >
      <svg
        aria-hidden="true"
        className="toggleControl"
        data-icon="chevron-right"
        data-prefix="fas"
        focusable="false"
        onClick={[Function]}
        role="img"
        viewBox="0 0 320 512"
        xmlns="http://www.w3.org/2000/svg"
      >
        <path
          d="M285.476 272.971L91.132 467.314c-9.373 9.373-24.569 9.373-33.941 0l-22.667-22.667c-9.357-9.357-9.375-24.522-.04-33.901L188.505 256 34.484 101.255c-9.335-9.379-9.317-24.544.04-33.901l22.667-22.667c9.373-9.373 24.569-9.373 33.941 0L285.475 239.03c9.373 9.372 9.373 24.568.001 33.941z"
          fill="currentColor"
        />
      </svg>
      <span
        className="Pinpoint Internal Link clickable Pinpoint Documentation Outline Item  "
        onClick={[Function]}
      >
        Email validation, filtering, and subscriber search üîç
      </span>
    </div>
  </div>
  <div
    className="Parent"
  >
    <div
      className="Top"
    >
      <svg
        aria-hidden="true"
        className="toggleControl"
        data-icon="chevron-right"
        data-prefix="fas"
        focusable="false"
        onClick={[Function]}
        role="img"
        viewBox="0 0 320 512"
        xmlns="http://www.w3.org/2000/svg"
      >
        <path
          d="M285.476 272.971L91.132 467.314c-9.373 9.373-24.569 9.373-33.941 0l-22.667-22.667c-9.357-9.357-9.375-24.522-.04-33.901L188.505 256 34.484 101.255c-9.335-9.379-9.317-24.544.04-33.901l22.667-22.667c9.373-9.373 24.569-9.373 33.941 0L285.475 239.03c9.373 9.372 9.373 24.568.001 33.941z"
          fill="currentColor"
        />
      </svg>
      <span
        className="Pinpoint Internal Link clickable Pinpoint Documentation Outline Item  "
        onClick={[Function]}
      >
        Analytics Drill-Down and Localization
      </span>
    </div>
  </div>
  <div
    className="Parent"
  >
    <div
      className="Top"
    >
      <svg
        aria-hidden="true"
        className="toggleControl"
        data-icon="chevron-right"
        data-prefix="fas"
        focusable="false"
        onClick={[Function]}
        role="img"
        viewBox="0 0 320 512"
        xmlns="http://www.w3.org/2000/svg"
      >
        <path
          d="M285.476 272.971L91.132 467.314c-9.373 9.373-24.569 9.373-33.941 0l-22.667-22.667c-9.357-9.357-9.375-24.522-.04-33.901L188.505 256 34.484 101.255c-9.335-9.379-9.317-24.544.04-33.901l22.667-22.667c9.373-9.373 24.569-9.373 33.941 0L285.475 239.03c9.373 9.372 9.373 24.568.001 33.941z"
          fill="currentColor"
        />
      </svg>
      <span
        className="Pinpoint Internal Link clickable Pinpoint Documentation Outline Item  "
        onClick={[Function]}
      >
        Already mentioned notice
      </span>
    </div>
  </div>
  <div
    className="Parent"
  >
    <div
      className="Top"
    >
      <div
        className="spacer"
      />
      <span
        className="Pinpoint Internal Link clickable Pinpoint Documentation Outline Item  "
        onClick={[Function]}
      >
        Published Page Search and Filtering
      </span>
    </div>
  </div>
  <div
    className="Parent"
  >
    <div
      className="Top"
    >
      <div
        className="spacer"
      />
      <span
        className="Pinpoint Internal Link clickable Pinpoint Documentation Outline Item  "
        onClick={[Function]}
      >
        Improved Analytics Accessibility
      </span>
    </div>
  </div>
  <div
    className="Parent"
  >
    <div
      className="Top"
    >
      <svg
        aria-hidden="true"
        className="toggleControl"
        data-icon="chevron-right"
        data-prefix="fas"
        focusable="false"
        onClick={[Function]}
        role="img"
        viewBox="0 0 320 512"
        xmlns="http://www.w3.org/2000/svg"
      >
        <path
          d="M285.476 272.971L91.132 467.314c-9.373 9.373-24.569 9.373-33.941 0l-22.667-22.667c-9.357-9.357-9.375-24.522-.04-33.901L188.505 256 34.484 101.255c-9.335-9.379-9.317-24.544.04-33.901l22.667-22.667c9.373-9.373 24.569-9.373 33.941 0L285.475 239.03c9.373 9.372 9.373 24.568.001 33.941z"
          fill="currentColor"
        />
      </svg>
      <span
        className="Pinpoint Internal Link clickable Pinpoint Documentation Outline Item  "
        onClick={[Function]}
      >
        Tables, tables, tables
      </span>
    </div>
  </div>
  <div
    className="Parent"
  >
    <div
      className="Top"
    >
      <svg
        aria-hidden="true"
        className="toggleControl"
        data-icon="chevron-right"
        data-prefix="fas"
        focusable="false"
        onClick={[Function]}
        role="img"
        viewBox="0 0 320 512"
        xmlns="http://www.w3.org/2000/svg"
      >
        <path
          d="M285.476 272.971L91.132 467.314c-9.373 9.373-24.569 9.373-33.941 0l-22.667-22.667c-9.357-9.357-9.375-24.522-.04-33.901L188.505 256 34.484 101.255c-9.335-9.379-9.317-24.544.04-33.901l22.667-22.667c9.373-9.373 24.569-9.373 33.941 0L285.475 239.03c9.373 9.372 9.373 24.568.001 33.941z"
          fill="currentColor"
        />
      </svg>
      <span
        className="Pinpoint Internal Link clickable Pinpoint Documentation Outline Item  "
        onClick={[Function]}
      >
        Analytics Drilldown + Changelog Generator Styling
      </span>
    </div>
  </div>
</div>
`;

exports[`Test with click handler 1`] = `
<div
  className="Pinpoint Documentation Outline Wrapper "
>
  <div
    className="Parent"
  >
    <div
      className="Top"
    >
      <svg
        aria-hidden="true"
        className="toggleControl"
        data-icon="chevron-right"
        data-prefix="fas"
        focusable="false"
        onClick={[Function]}
        role="img"
        viewBox="0 0 320 512"
        xmlns="http://www.w3.org/2000/svg"
      >
        <path
          d="M285.476 272.971L91.132 467.314c-9.373 9.373-24.569 9.373-33.941 0l-22.667-22.667c-9.357-9.357-9.375-24.522-.04-33.901L188.505 256 34.484 101.255c-9.335-9.379-9.317-24.544.04-33.901l22.667-22.667c9.373-9.373 24.569-9.373 33.941 0L285.475 239.03c9.373 9.372 9.373 24.568.001 33.941z"
          fill="currentColor"
        />
      </svg>
      <span
        className="Pinpoint Internal Link clickable Pinpoint Documentation Outline Item  "
        onClick={[Function]}
      >
        Linked Content Blocks
      </span>
    </div>
  </div>
  <div
    className="Parent"
  >
    <div
      className="Top"
    >
      <div
        className="spacer"
      />
      <span
        className="Pinpoint Internal Link clickable Pinpoint Documentation Outline Item  "
        onClick={[Function]}
      >
        Publishing Controls and Social Posting
      </span>
    </div>
  </div>
  <div
    className="Parent"
  >
    <div
      className="Top"
    >
      <div
        className="spacer"
      />
      <span
        className="Pinpoint Internal Link clickable Pinpoint Documentation Outline Item  "
        onClick={[Function]}
      >
        Changelog planning just got way simpler!
      </span>
    </div>
  </div>
  <div
    className="Parent"
  >
    <div
      className="Top"
    >
      <svg
        aria-hidden="true"
        className="toggleControl"
        data-icon="chevron-right"
        data-prefix="fas"
        focusable="false"
        onClick={[Function]}
        role="img"
        viewBox="0 0 320 512"
        xmlns="http://www.w3.org/2000/svg"
      >
        <path
          d="M285.476 272.971L91.132 467.314c-9.373 9.373-24.569 9.373-33.941 0l-22.667-22.667c-9.357-9.357-9.375-24.522-.04-33.901L188.505 256 34.484 101.255c-9.335-9.379-9.317-24.544.04-33.901l22.667-22.667c9.373-9.373 24.569-9.373 33.941 0L285.475 239.03c9.373 9.372 9.373 24.568.001 33.941z"
          fill="currentColor"
        />
      </svg>
      <span
        className="Pinpoint Internal Link clickable Pinpoint Documentation Outline Item  "
        onClick={[Function]}
      >
        Email validation, filtering, and subscriber search üîç
      </span>
    </div>
  </div>
  <div
    className="Parent"
  >
    <div
      className="Top"
    >
      <svg
        aria-hidden="true"
        className="toggleControl"
        data-icon="chevron-right"
        data-prefix="fas"
        focusable="false"
        onClick={[Function]}
        role="img"
        viewBox="0 0 320 512"
        xmlns="http://www.w3.org/2000/svg"
      >
        <path
          d="M285.476 272.971L91.132 467.314c-9.373 9.373-24.569 9.373-33.941 0l-22.667-22.667c-9.357-9.357-9.375-24.522-.04-33.901L188.505 256 34.484 101.255c-9.335-9.379-9.317-24.544.04-33.901l22.667-22.667c9.373-9.373 24.569-9.373 33.941 0L285.475 239.03c9.373 9.372 9.373 24.568.001 33.941z"
          fill="currentColor"
        />
      </svg>
      <span
        className="Pinpoint Internal Link clickable Pinpoint Documentation Outline Item  "
        onClick={[Function]}
      >
        Analytics Drill-Down and Localization
      </span>
    </div>
  </div>
  <div
    className="Parent"
  >
    <div
      className="Top"
    >
      <svg
        aria-hidden="true"
        className="toggleControl"
        data-icon="chevron-right"
        data-prefix="fas"
        focusable="false"
        onClick={[Function]}
        role="img"
        viewBox="0 0 320 512"
        xmlns="http://www.w3.org/2000/svg"
      >
        <path
          d="M285.476 272.971L91.132 467.314c-9.373 9.373-24.569 9.373-33.941 0l-22.667-22.667c-9.357-9.357-9.375-24.522-.04-33.901L188.505 256 34.484 101.255c-9.335-9.379-9.317-24.544.04-33.901l22.667-22.667c9.373-9.373 24.569-9.373 33.941 0L285.475 239.03c9.373 9.372 9.373 24.568.001 33.941z"
          fill="currentColor"
        />
      </svg>
      <span
        className="Pinpoint Internal Link clickable Pinpoint Documentation Outline Item  "
        onClick={[Function]}
      >
        Already mentioned notice
      </span>
    </div>
  </div>
  <div
    className="Parent"
  >
    <div
      className="Top"
    >
      <div
        className="spacer"
      />
      <span
        className="Pinpoint Internal Link clickable Pinpoint Documentation Outline Item  "
        onClick={[Function]}
      >
        Published Page Search and Filtering
      </span>
    </div>
  </div>
  <div
    className="Parent"
  >
    <div
      className="Top"
    >
      <div
        className="spacer"
      />
      <span
        className="Pinpoint Internal Link clickable Pinpoint Documentation Outline Item  "
        onClick={[Function]}
      >
        Improved Analytics Accessibility
      </span>
    </div>
  </div>
  <div
    className="Parent"
  >
    <div
      className="Top"
    >
      <svg
        aria-hidden="true"
        className="toggleControl"
        data-icon="chevron-right"
        data-prefix="fas"
        focusable="false"
        onClick={[Function]}
        role="img"
        viewBox="0 0 320 512"
        xmlns="http://www.w3.org/2000/svg"
      >
        <path
          d="M285.476 272.971L91.132 467.314c-9.373 9.373-24.569 9.373-33.941 0l-22.667-22.667c-9.357-9.357-9.375-24.522-.04-33.901L188.505 256 34.484 101.255c-9.335-9.379-9.317-24.544.04-33.901l22.667-22.667c9.373-9.373 24.569-9.373 33.941 0L285.475 239.03c9.373 9.372 9.373 24.568.001 33.941z"
          fill="currentColor"
        />
      </svg>
      <span
        className="Pinpoint Internal Link clickable Pinpoint Documentation Outline Item  "
        onClick={[Function]}
      >
        Tables, tables, tables
      </span>
    </div>
  </div>
  <div
    className="Parent"
  >
    <div
      className="Top"
    >
      <svg
        aria-hidden="true"
        className="toggleControl"
        data-icon="chevron-right"
        data-prefix="fas"
        focusable="false"
        onClick={[Function]}
        role="img"
        viewBox="0 0 320 512"
        xmlns="http://www.w3.org/2000/svg"
      >
        <path
          d="M285.476 272.971L91.132 467.314c-9.373 9.373-24.569 9.373-33.941 0l-22.667-22.667c-9.357-9.357-9.375-24.522-.04-33.901L188.505 256 34.484 101.255c-9.335-9.379-9.317-24.544.04-33.901l22.667-22.667c9.373-9.373 24.569-9.373 33.941 0L285.475 239.03c9.373 9.372 9.373 24.568.001 33.941z"
          fill="currentColor"
        />
      </svg>
      <span
        className="Pinpoint Internal Link clickable Pinpoint Documentation Outline Item  "
        onClick={[Function]}
      >
        Analytics Drilldown + Changelog Generator Styling
      </span>
    </div>
  </div>
</div>
`;
